2020/09/23 23:10:25 lesson.go:22: exit open hogehogheohg: no such file or directory
2020/09/23 23:11:15 /Users/mashimohroki/go/src/awesomeProject/lesson.go:23: exit open hogehogheohg: no such file or directory
